#
# A fatal error has been detected by the Java Runtime Environment:
#
#  EXCEPTION_ACCESS_VIOLATION (0xc0000005) at pc=0x6b5fe641, pid=7548, tid=0x0000465c
#
# JRE version: Java(TM) SE Runtime Environment (8.0_351-b10) (build 1.8.0_351-b10)
# Java VM: Java HotSpot(TM) Client VM (25.351-b10 mixed mode windows-x86 )
# Problematic frame:
# V  [jvm.dll+0xde641]
#
# Failed to write core dump. Minidumps are not enabled by default on client versions of Windows
#
# If you would like to submit a bug report, please visit:
#   http://bugreport.java.com/bugreport/crash.jsp
#

---------------  T H R E A D  ---------------

Current thread (0x20f86400):  JavaThread "AWT-EventQueue-0" [_thread_in_vm, id=18012, stack(0x20670000,0x206c0000)]

siginfo: ExceptionCode=0xc0000005, reading address 0x00000000

Registers:
EAX=0x00000000, EBX=0x04d8e000, ECX=0xf801592e, EDX=0x6b888808
ESP=0x206bde80, EBP=0x206bde88, ESI=0x20f86400, EDI=0x20f86400
EIP=0x6b5fe641, EFLAGS=0x00010246

Top of Stack: (sp=0x206bde80)
0x206bde80:   0a0e8870 04d8e0b0 206be0e8 1ff11528
0x206bde90:   20f86400 1ef65358 00000000 20f86400
0x206bdea0:   0a85c800 206bde94 f80159a2 1ff11451
0x206bdeb0:   206bdfb8 20f86400 206bdf98 1ff15680
0x206bdec0:   206bdf8c f80159a2 f80159a2 1ff1141e
0x206bded0:   04d8e000 206bdec4 206bdec8 206be72c
0x206bdee0:   6b7f2b18 b3edf43e fffffffe 206bdefc
0x206bdef0:   6b529d64 20f86400 f80159a2 1ff113eb 

Instructions: (pc=0x6b5fe641)
0x6b5fe621:   ff 83 c4 08 b3 01 83 7d 0c 00 74 59 8b 45 10 32
0x6b5fe631:   db a8 01 74 0b 50 e8 f4 8d 08 00 83 c4 04 eb 02
0x6b5fe641:   8b 00 50 e8 87 63 f6 ff 8b f0 83 c4 04 85 f6 74
0x6b5fe651:   34 8b 45 0c a8 01 74 0b 50 e8 d1 8d 08 00 83 c4 


Register to memory mapping:

EAX=0x00000000 is an unknown value
EBX=
[error occurred during error reporting (printing register info), id 0xc0000005]

Stack: [0x20670000,0x206c0000],  sp=0x206bde80,  free space=311k
Native frames: (J=compiled Java code, j=interpreted, Vv=VM code, C=native code)
V  [jvm.dll+0xde641]
C  [jna1948852254436649903.tmp+0x1528]
C  [jna1948852254436649903.tmp+0x26f4]
J 1138  com.sun.jna.Function.invokePointer(I[Ljava/lang/Object;)Lcom/sun/jna/Pointer; (0 bytes) @ 0x02bd67ad [0x02bd6710+0x9d]
J 1104 C1 com.sun.jna.Function.invoke([Ljava/lang/Object;Ljava/lang/Class;Z)Ljava/lang/Object; (1141 bytes) @ 0x02bca728 [0x02bc9060+0x16c8]
J 305 C1 com.sun.jna.Function.invoke(Ljava/lang/Class;[Ljava/lang/Object;Ljava/util/Map;)Ljava/lang/Object; (572 bytes) @ 0x02ab5968 [0x02ab54e0+0x488]
J 1103 C1 com.sun.jna.Library$Handler.invoke(Ljava/lang/Object;Ljava/lang/reflect/Method;[Ljava/lang/Object;)Ljava/lang/Object; (348 bytes) @ 0x02bc72d0 [0x02bc6ac0+0x810]
J 12275 C1 com.sun.proxy.$Proxy1.SelectObject(Lcom/sun/jna/Pointer;Lcom/sun/jna/Pointer;)Lcom/sun/jna/Pointer; (40 bytes) @ 0x02a28eec [0x02a28d70+0x17c]
J 2257 C1 com.group_finity.mascot.win.WindowsTranslucentWindow.paint(Lcom/sun/jna/Pointer;I)V (275 bytes) @ 0x02d12220 [0x02d11e30+0x3f0]
J 2255 C1 com.group_finity.mascot.win.WindowsTranslucentWindow.paint(Ljava/awt/Graphics;)V (23 bytes) @ 0x02d1198c [0x02d11950+0x3c]
J 2220 C1 javax.swing.RepaintManager$4.run()Ljava/lang/Void; (278 bytes) @ 0x02d00a34 [0x02d00760+0x2d4]
J 2219 C1 javax.swing.RepaintManager$4.run()Ljava/lang/Object; (5 bytes) @ 0x02d004a0 [0x02d00480+0x20]
v  ~StubRoutines::call_stub
V  [jvm.dll+0x166894]
V  [jvm.dll+0x2377ab]
V  [jvm.dll+0x16643a]
V  [jvm.dll+0x106de7]
C  [java.dll+0x102f]
J 1541 C1 javax.swing.RepaintManager.paintDirtyRegions(Ljava/util/Map;)V (196 bytes) @ 0x02c2c9bc [0x02c2c5e0+0x3dc]
J 2261 C1 javax.swing.RepaintManager.paintDirtyRegions()V (50 bytes) @ 0x02d14824 [0x02d146e0+0x144]
J 2258 C1 javax.swing.RepaintManager.prePaintDirtyRegions()V (91 bytes) @ 0x02d12d34 [0x02d12b70+0x1c4]
J 2177 C1 javax.swing.RepaintManager$ProcessingRunnable.run()V (41 bytes) @ 0x02cf7864 [0x02cf7730+0x134]
J 1988 C1 java.awt.event.InvocationEvent.dispatch()V (69 bytes) @ 0x02cae29c [0x02cae1b0+0xec]
J 1963 C1 java.awt.EventQueue.dispatchEventImpl(Ljava/awt/AWTEvent;Ljava/lang/Object;)V (149 bytes) @ 0x02ca66e4 [0x02ca5f50+0x794]
J 1475 C1 java.awt.EventQueue$3.run()Ljava/lang/Void; (60 bytes) @ 0x02c1eb1c [0x02c1eac0+0x5c]
J 1474 C1 java.awt.EventQueue$3.run()Ljava/lang/Object; (5 bytes) @ 0x02c1e8a0 [0x02c1e880+0x20]
v  ~StubRoutines::call_stub
V  [jvm.dll+0x166894]
V  [jvm.dll+0x2377ab]
V  [jvm.dll+0x16643a]
V  [jvm.dll+0x106de7]
C  [java.dll+0x102f]
J 1470 C1 java.awt.EventQueue.dispatchEvent(Ljava/awt/AWTEvent;)V (80 bytes) @ 0x02c1d308 [0x02c1d100+0x208]
J 1464 C1 java.awt.EventDispatchThread.pumpOneEventForFilters(I)V (190 bytes) @ 0x02c1aa44 [0x02c1a650+0x3f4]
J 2435% C1 java.awt.EventDispatchThread.pumpEventsForFilter(ILjava/awt/Conditional;Ljava/awt/EventFilter;)V (47 bytes) @ 0x02a47480 [0x02a473c0+0xc0]
j  java.awt.EventDispatchThread.pumpEventsForHierarchy(ILjava/awt/Conditional;Ljava/awt/Component;)V+11
j  java.awt.EventDispatchThread.pumpEvents(ILjava/awt/Conditional;)V+4
j  java.awt.EventDispatchThread.pumpEvents(Ljava/awt/Conditional;)V+3
j  java.awt.EventDispatchThread.run()V+9
v  ~StubRoutines::call_stub
V  [jvm.dll+0x166894]
V  [jvm.dll+0x2377ab]
V  [jvm.dll+0x167047]
V  [jvm.dll+0x166f86]
V  [jvm.dll+0x101aab]
V  [jvm.dll+0x18b064]
V  [jvm.dll+0x1d04bb]
C  [ucrtbase.dll+0x44f9f]
C  [KERNEL32.DLL+0x1fa29]
C  [ntdll.dll+0x67a9e]
C  [ntdll.dll+0x67a6e]
C  0x00000000

Java frames: (J=compiled Java code, j=interpreted, Vv=VM code)
J 1138  com.sun.jna.Function.invokePointer(I[Ljava/lang/Object;)Lcom/sun/jna/Pointer; (0 bytes) @ 0x02bd6769 [0x02bd6710+0x59]
J 1104 C1 com.sun.jna.Function.invoke([Ljava/lang/Object;Ljava/lang/Class;Z)Ljava/lang/Object; (1141 bytes) @ 0x02bca728 [0x02bc9060+0x16c8]
J 305 C1 com.sun.jna.Function.invoke(Ljava/lang/Class;[Ljava/lang/Object;Ljava/util/Map;)Ljava/lang/Object; (572 bytes) @ 0x02ab5968 [0x02ab54e0+0x488]
J 1103 C1 com.sun.jna.Library$Handler.invoke(Ljava/lang/Object;Ljava/lang/reflect/Method;[Ljava/lang/Object;)Ljava/lang/Object; (348 bytes) @ 0x02bc72d0 [0x02bc6ac0+0x810]
J 12275 C1 com.sun.proxy.$Proxy1.SelectObject(Lcom/sun/jna/Pointer;Lcom/sun/jna/Pointer;)Lcom/sun/jna/Pointer; (40 bytes) @ 0x02a28eec [0x02a28d70+0x17c]
J 2257 C1 com.group_finity.mascot.win.WindowsTranslucentWindow.paint(Lcom/sun/jna/Pointer;I)V (275 bytes) @ 0x02d12220 [0x02d11e30+0x3f0]
J 2255 C1 com.group_finity.mascot.win.WindowsTranslucentWindow.paint(Ljava/awt/Graphics;)V (23 bytes) @ 0x02d1198c [0x02d11950+0x3c]
J 2220 C1 javax.swing.RepaintManager$4.run()Ljava/lang/Void; (278 bytes) @ 0x02d00a34 [0x02d00760+0x2d4]
J 2219 C1 javax.swing.RepaintManager$4.run()Ljava/lang/Object; (5 bytes) @ 0x02d004a0 [0x02d00480+0x20]
v  ~StubRoutines::call_stub
J 965  java.security.AccessController.doPrivileged(Ljava/security/PrivilegedAction;Ljava/security/AccessControlContext;)Ljava/lang/Object; (0 bytes) @ 0x02b9ed07 [0x02b9eca0+0x67]
J 1541 C1 javax.swing.RepaintManager.paintDirtyRegions(Ljava/util/Map;)V (196 bytes) @ 0x02c2c9bc [0x02c2c5e0+0x3dc]
J 2261 C1 javax.swing.RepaintManager.paintDirtyRegions()V (50 bytes) @ 0x02d14824 [0x02d146e0+0x144]
J 2258 C1 javax.swing.RepaintManager.prePaintDirtyRegions()V (91 bytes) @ 0x02d12d34 [0x02d12b70+0x1c4]
J 2177 C1 javax.swing.RepaintManager$ProcessingRunnable.run()V (41 bytes) @ 0x02cf7864 [0x02cf7730+0x134]
J 1988 C1 java.awt.event.InvocationEvent.dispatch()V (69 bytes) @ 0x02cae29c [0x02cae1b0+0xec]
J 1963 C1 java.awt.EventQueue.dispatchEventImpl(Ljava/awt/AWTEvent;Ljava/lang/Object;)V (149 bytes) @ 0x02ca66e4 [0x02ca5f50+0x794]
J 1475 C1 java.awt.EventQueue$3.run()Ljava/lang/Void; (60 bytes) @ 0x02c1eb1c [0x02c1eac0+0x5c]
J 1474 C1 java.awt.EventQueue$3.run()Ljava/lang/Object; (5 bytes) @ 0x02c1e8a0 [0x02c1e880+0x20]
v  ~StubRoutines::call_stub
J 965  java.security.AccessController.doPrivileged(Ljava/security/PrivilegedAction;Ljava/security/AccessControlContext;)Ljava/lang/Object; (0 bytes) @ 0x02b9ed07 [0x02b9eca0+0x67]
J 1470 C1 java.awt.EventQueue.dispatchEvent(Ljava/awt/AWTEvent;)V (80 bytes) @ 0x02c1d308 [0x02c1d100+0x208]
J 1464 C1 java.awt.EventDispatchThread.pumpOneEventForFilters(I)V (190 bytes) @ 0x02c1aa44 [0x02c1a650+0x3f4]
J 2435% C1 java.awt.EventDispatchThread.pumpEventsForFilter(ILjava/awt/Conditional;Ljava/awt/EventFilter;)V (47 bytes) @ 0x02a47480 [0x02a473c0+0xc0]
j  java.awt.EventDispatchThread.pumpEventsForHierarchy(ILjava/awt/Conditional;Ljava/awt/Component;)V+11
j  java.awt.EventDispatchThread.pumpEvents(ILjava/awt/Conditional;)V+4
j  java.awt.EventDispatchThread.pumpEvents(Ljava/awt/Conditional;)V+3
j  java.awt.EventDispatchThread.run()V+9
v  ~StubRoutines::call_stub

---------------  P R O C E S S  ---------------

Java Threads: ( => current thread )
  0x2118a400 JavaThread "Thread-2" daemon [_thread_in_native, id=5208, stack(0x229e0000,0x22a30000)]
  0x211d2c00 JavaThread "SIGTERM handler" daemon [_thread_blocked, id=2000, stack(0x00a70000,0x00ac0000)]
  0x1f029c00 JavaThread "TimerQueue" daemon [_thread_blocked, id=7160, stack(0x22890000,0x228e0000)]
  0x008d9800 JavaThread "DestroyJavaVM" [_thread_blocked, id=6272, stack(0x02540000,0x02590000)]
  0x1ef45400 JavaThread "Thread-7" [_thread_in_vm, id=2896, stack(0x20b80000,0x20bd0000)]
=>0x20f86400 JavaThread "AWT-EventQueue-0" [_thread_in_vm, id=18012, stack(0x20670000,0x206c0000)]
  0x20ed5c00 JavaThread "Thread-4" daemon [_thread_blocked, id=2364, stack(0x1fec0000,0x1ff10000)]
  0x156c5000 JavaThread "AWT-Windows" daemon [_thread_in_native, id=12856, stack(0x15ad0000,0x15b20000)]
  0x156c1800 JavaThread "AWT-Shutdown" [_thread_blocked, id=13048, stack(0x15a40000,0x15a90000)]
  0x156be000 JavaThread "Java2D Disposer" daemon [_thread_blocked, id=13284, stack(0x159b0000,0x15a00000)]
  0x1565f800 JavaThread "Thread-1" daemon [_thread_blocked, id=13288, stack(0x157e0000,0x15830000)]
  0x15159c00 JavaThread "Service Thread" daemon [_thread_blocked, id=10156, stack(0x154c0000,0x15510000)]
  0x15134800 JavaThread "C1 CompilerThread0" daemon [_thread_blocked, id=10164, stack(0x15430000,0x15480000)]
  0x15132400 JavaThread "Attach Listener" daemon [_thread_blocked, id=9324, stack(0x153a0000,0x153f0000)]
  0x0099e400 JavaThread "Signal Dispatcher" daemon [_thread_blocked, id=14252, stack(0x15310000,0x15360000)]
  0x15130400 JavaThread "Finalizer" daemon [_thread_blocked, id=1672, stack(0x15050000,0x150a0000)]
  0x0098f800 JavaThread "Reference Handler" daemon [_thread_blocked, id=12304, stack(0x14fc0000,0x15010000)]

Other Threads:
  0x00989400 VMThread [stack: 0x14f30000,0x14f80000] [id=12348]
  0x1516ac00 WatcherThread [stack: 0x15550000,0x155a0000] [id=8872]

VM state:not at safepoint (normal execution)

VM Mutex/Monitor currently owned by a thread: None

Heap:
 def new generation   total 10944K, used 5349K [0x04a00000, 0x055d0000, 0x09f50000)
  eden space 9792K,  42% used [0x04a00000, 0x04e19548, 0x05390000)
  from space 1152K, 100% used [0x054b0000, 0x055d0000, 0x055d0000)
  to   space 1152K,   0% used [0x05390000, 0x05390000, 0x054b0000)
 tenured generation   total 24040K, used 13100K [0x09f50000, 0x0b6ca000, 0x14a00000)
   the space 24040K,  54% used [0x09f50000, 0x0ac1b3d8, 0x0ac1b400, 0x0b6ca000)
 Metaspace       used 12726K, capacity 13773K, committed 14208K, reserved 14720K

Card table byte_map: [0x14a00000,0x14a90000] byte_map_base: 0x149db000

Polling page: 0x02470000

CodeCache: size=32768Kb used=2225Kb max_used=3805Kb free=30542Kb
 bounds [0x02980000, 0x02d38000, 0x04980000]
 total_blobs=1483 nmethods=1223 adapters=190
 compilation: enabled

Compilation events (10 events):
Event: 3796.229 Thread 0x15134800 12690   !         java.awt.EventQueue::setCurrentEventAndMostRecentTimeImpl (185 bytes)
Event: 3796.230 Thread 0x15134800 nmethod 12690 0x02b70b48 code [0x02b70cb0, 0x02b710ac]
Event: 3796.790 Thread 0x15134800 12691             java.awt.LightweightDispatcher::dispatchEvent (73 bytes)
Event: 3796.790 Thread 0x15134800 nmethod 12691 0x02d17388 code [0x02d174b0, 0x02d17694]
Event: 3803.590 Thread 0x15134800 12692             java.util.IdentityHashMap$IdentityHashMapIterator::<init> (63 bytes)
Event: 3803.590 Thread 0x15134800 nmethod 12692 0x02bf3608 code [0x02bf3700, 0x02bf37e0]
Event: 3804.989 Thread 0x15134800 12693             com.sun.jna.Pointer::setInt (11 bytes)
Event: 3804.989 Thread 0x15134800 nmethod 12693 0x02bd1608 code [0x02bd1700, 0x02bd17ac]
Event: 3805.069 Thread 0x15134800 12694             com.sun.jna.Memory::setInt (15 bytes)
Event: 3805.069 Thread 0x15134800 nmethod 12694 0x02c3a548 code [0x02c3a650, 0x02c3a748]

GC Heap History (10 events):
Event: 3787.716 GC heap before
{Heap before GC invocations=1146 (full 40):
 def new generation   total 10944K, used 10708K [0x04a00000, 0x055d0000, 0x09f50000)
  eden space 9792K, 100% used [0x04a00000, 0x05390000, 0x05390000)
  from space 1152K,  79% used [0x05390000, 0x054752f8, 0x054b0000)
  to   space 1152K,   0% used [0x054b0000, 0x054b0000, 0x055d0000)
 tenured generation   total 24040K, used 11879K [0x09f50000, 0x0b6ca000, 0x14a00000)
   the space 24040K,  49% used [0x09f50000, 0x0aae9d90, 0x0aae9e00, 0x0b6ca000)
 Metaspace       used 12723K, capacity 13773K, committed 14208K, reserved 14720K
Event: 3787.718 GC heap after
Heap after GC invocations=1147 (full 40):
 def new generation   total 10944K, used 1028K [0x04a00000, 0x055d0000, 0x09f50000)
  eden space 9792K,   0% used [0x04a00000, 0x04a00000, 0x05390000)
  from space 1152K,  89% used [0x054b0000, 0x055b12b8, 0x055d0000)
  to   space 1152K,   0% used [0x05390000, 0x05390000, 0x054b0000)
 tenured generation   total 24040K, used 11946K [0x09f50000, 0x0b6ca000, 0x14a00000)
   the space 24040K,  49% used [0x09f50000, 0x0aafa9a0, 0x0aafaa00, 0x0b6ca000)
 Metaspace       used 12723K, capacity 13773K, committed 14208K, reserved 14720K
}
Event: 3791.350 GC heap before
{Heap before GC invocations=1147 (full 40):
 def new generation   total 10944K, used 10820K [0x04a00000, 0x055d0000, 0x09f50000)
  eden space 9792K, 100% used [0x04a00000, 0x05390000, 0x05390000)
  from space 1152K,  89% used [0x054b0000, 0x055b12b8, 0x055d0000)
  to   space 1152K,   0% used [0x05390000, 0x05390000, 0x054b0000)
 tenured generation   total 24040K, used 11946K [0x09f50000, 0x0b6ca000, 0x14a00000)
   the space 24040K,  49% used [0x09f50000, 0x0aafa9a0, 0x0aafaa00, 0x0b6ca000)
 Metaspace       used 12723K, capacity 13773K, committed 14208K, reserved 14720K
Event: 3791.353 GC heap after
Heap after GC invocations=1148 (full 40):
 def new generation   total 10944K, used 1151K [0x04a00000, 0x055d0000, 0x09f50000)
  eden space 9792K,   0% used [0x04a00000, 0x04a00000, 0x05390000)
  from space 1152K,  99% used [0x05390000, 0x054affe0, 0x054b0000)
  to   space 1152K,   0% used [0x054b0000, 0x054b0000, 0x055d0000)
 tenured generation   total 24040K, used 12086K [0x09f50000, 0x0b6ca000, 0x14a00000)
   the space 24040K,  50% used [0x09f50000, 0x0ab1daf0, 0x0ab1dc00, 0x0b6ca000)
 Metaspace       used 12723K, capacity 13773K, committed 14208K, reserved 14720K
}
Event: 3795.268 GC heap before
{Heap before GC invocations=1148 (full 40):
 def new generation   total 10944K, used 10943K [0x04a00000, 0x055d0000, 0x09f50000)
  eden space 9792K, 100% used [0x04a00000, 0x05390000, 0x05390000)
  from space 1152K,  99% used [0x05390000, 0x054affe0, 0x054b0000)
  to   space 1152K,   0% used [0x054b0000, 0x054b0000, 0x055d0000)
 tenured generation   total 24040K, used 12086K [0x09f50000, 0x0b6ca000, 0x14a00000)
   the space 24040K,  50% used [0x09f50000, 0x0ab1daf0, 0x0ab1dc00, 0x0b6ca000)
 Metaspace       used 12723K, capacity 13773K, committed 14208K, reserved 14720K
Event: 3795.271 GC heap after
Heap after GC invocations=1149 (full 40):
 def new generation   total 10944K, used 1152K [0x04a00000, 0x055d0000, 0x09f50000)
  eden space 9792K,   0% used [0x04a00000, 0x04a00000, 0x05390000)
  from space 1152K, 100% used [0x054b0000, 0x055d0000, 0x055d0000)
  to   space 1152K,   0% used [0x05390000, 0x05390000, 0x054b0000)
 tenured generation   total 24040K, used 12272K [0x09f50000, 0x0b6ca000, 0x14a00000)
   the space 24040K,  51% used [0x09f50000, 0x0ab4c1c8, 0x0ab4c200, 0x0b6ca000)
 Metaspace       used 12723K, capacity 13773K, committed 14208K, reserved 14720K
}
Event: 3799.150 GC heap before
{Heap before GC invocations=1149 (full 40):
 def new generation   total 10944K, used 10944K [0x04a00000, 0x055d0000, 0x09f50000)
  eden space 9792K, 100% used [0x04a00000, 0x05390000, 0x05390000)
  from space 1152K, 100% used [0x054b0000, 0x055d0000, 0x055d0000)
  to   space 1152K,   0% used [0x05390000, 0x05390000, 0x054b0000)
 tenured generation   total 24040K, used 12272K [0x09f50000, 0x0b6ca000, 0x14a00000)
   the space 24040K,  51% used [0x09f50000, 0x0ab4c1c8, 0x0ab4c200, 0x0b6ca000)
 Metaspace       used 12723K, capacity 13773K, committed 14208K, reserved 14720K
Event: 3799.153 GC heap after
Heap after GC invocations=1150 (full 40):
 def new generation   total 10944K, used 1151K [0x04a00000, 0x055d0000, 0x09f50000)
  eden space 9792K,   0% used [0x04a00000, 0x04a00000, 0x05390000)
  from space 1152K,  99% used [0x05390000, 0x054affe0, 0x054b0000)
  to   space 1152K,   0% used [0x054b0000, 0x054b0000, 0x055d0000)
 tenured generation   total 24040K, used 12453K [0x09f50000, 0x0b6ca000, 0x14a00000)
   the space 24040K,  51% used [0x09f50000, 0x0ab79518, 0x0ab79600, 0x0b6ca000)
 Metaspace       used 12723K, capacity 13773K, committed 14208K, reserved 14720K
}
Event: 3804.429 GC heap before
{Heap before GC invocations=1150 (full 40):
 def new generation   total 10944K, used 10943K [0x04a00000, 0x055d0000, 0x09f50000)
  eden space 9792K, 100% used [0x04a00000, 0x05390000, 0x05390000)
  from space 1152K,  99% used [0x05390000, 0x054affe0, 0x054b0000)
  to   space 1152K,   0% used [0x054b0000, 0x054b0000, 0x055d0000)
 tenured generation   total 24040K, used 12453K [0x09f50000, 0x0b6ca000, 0x14a00000)
   the space 24040K,  51% used [0x09f50000, 0x0ab79518, 0x0ab79600, 0x0b6ca000)
 Metaspace       used 12723K, capacity 13773K, committed 14208K, reserved 14720K
Event: 3804.433 GC heap after
Heap after GC invocations=1151 (full 40):
 def new generation   total 10944K, used 1152K [0x04a00000, 0x055d0000, 0x09f50000)
  eden space 9792K,   0% used [0x04a00000, 0x04a00000, 0x05390000)
  from space 1152K, 100% used [0x054b0000, 0x055d0000, 0x055d0000)
  to   space 1152K,   0% used [0x05390000, 0x05390000, 0x054b0000)
 tenured generation   total 24040K, used 13100K [0x09f50000, 0x0b6ca000, 0x14a00000)
   the space 24040K,  54% used [0x09f50000, 0x0ac1b3d8, 0x0ac1b400, 0x0b6ca000)
 Metaspace       used 12723K, capacity 13773K, committed 14208K, reserved 14720K
}

Deoptimization events (0 events):
No events

Classes redefined (0 events):
No events

Internal exceptions (10 events):
Event: 0.018 Thread 0x008d9800 Exception <a 'java/lang/NoSuchMethodError': Method sun.misc.Unsafe.prefetchRead(Ljava/lang/Object;J)V name or signature does not match> (0x04a07198) thrown at [C:\jenkins\workspace\8-2-build-windows-i586-cygwin\jdk8u351\2908\hotspot\src\share\vm\prims\jni
Event: 0.065 Thread 0x008d9800 Exception <a 'java/security/PrivilegedActionException'> (0x04b054c8) thrown at [C:\jenkins\workspace\8-2-build-windows-i586-cygwin\jdk8u351\2908\hotspot\src\share\vm\prims\jvm.cpp, line 1513]
Event: 0.065 Thread 0x008d9800 Exception <a 'java/security/PrivilegedActionException'> (0x04b056c8) thrown at [C:\jenkins\workspace\8-2-build-windows-i586-cygwin\jdk8u351\2908\hotspot\src\share\vm\prims\jvm.cpp, line 1513]
Event: 0.073 Thread 0x008d9800 Exception <a 'java/io/FileNotFoundException'> (0x04b27b20) thrown at [C:\jenkins\workspace\8-2-build-windows-i586-cygwin\jdk8u351\2908\hotspot\src\share\vm\prims\jni.cpp, line 710]
Event: 0.092 Thread 0x008d9800 Exception <a 'java/lang/NoSuchFieldError': method resolution failed> (0x04be5558) thrown at [C:\jenkins\workspace\8-2-build-windows-i586-cygwin\jdk8u351\2908\hotspot\src\share\vm\prims\methodHandles.cpp, line 1188]
Event: 0.092 Thread 0x008d9800 Exception <a 'java/lang/NoSuchFieldError': method resolution failed> (0x04bf16f8) thrown at [C:\jenkins\workspace\8-2-build-windows-i586-cygwin\jdk8u351\2908\hotspot\src\share\vm\prims\methodHandles.cpp, line 1188]
Event: 0.113 Thread 0x008d9800 Exception <a 'java/io/FileNotFoundException'> (0x04c88618) thrown at [C:\jenkins\workspace\8-2-build-windows-i586-cygwin\jdk8u351\2908\hotspot\src\share\vm\prims\jni.cpp, line 710]
Event: 0.394 Thread 0x008d9800 Exception <a 'java/io/FileNotFoundException'> (0x04d55a70) thrown at [C:\jenkins\workspace\8-2-build-windows-i586-cygwin\jdk8u351\2908\hotspot\src\share\vm\prims\jni.cpp, line 710]
Event: 0.394 Thread 0x008d9800 Exception <a 'java/io/FileNotFoundException'> (0x04d58188) thrown at [C:\jenkins\workspace\8-2-build-windows-i586-cygwin\jdk8u351\2908\hotspot\src\share\vm\prims\jni.cpp, line 710]
Event: 1.363 Thread 0x008d9800 Exception <a 'java/lang/ClassNotFoundException': jdk/nashorn/internal/runtime/ScriptFunction> (0x04d5a370) thrown at [C:\jenkins\workspace\8-2-build-windows-i586-cygwin\jdk8u351\2908\hotspot\src\share\vm\classfile\systemDictionary.cpp, line 212]

Events (10 events):
Event: 3805.875 Thread 0x210b0400 Thread added: 0x210b0400
Event: 3805.875 Thread 0x2118a400 Thread added: 0x2118a400
Event: 3805.875 Thread 0x2118b000 Thread added: 0x2118b000
Event: 3805.875 Thread 0x2118b400 Thread added: 0x2118b400
Event: 3805.875 Thread 0x21188800 Thread added: 0x21188800
Event: 3805.876 Thread 0x2118b400 Thread exited: 0x2118b400
Event: 3805.876 Thread 0x1ee65800 Thread exited: 0x1ee65800
Event: 3805.876 loading class java/util/WeakHashMap$KeyIterator
Event: 3805.876 loading class java/util/WeakHashMap$KeyIterator done
Event: 3805.876 Thread 0x21188800 Thread exited: 0x21188800


Dynamic libraries:
0x00720000 - 0x0075f000 	C:\Program Files (x86)\Java\jre1.8.0_351\bin\javaw.exe
0x77190000 - 0x77333000 	C:\Windows\SYSTEM32\ntdll.dll
0x75810000 - 0x75900000 	C:\Windows\System32\KERNEL32.DLL
0x76900000 - 0x76b15000 	C:\Windows\System32\KERNELBASE.dll
0x76370000 - 0x763ea000 	C:\Windows\System32\ADVAPI32.dll
0x75d20000 - 0x75ddf000 	C:\Windows\System32\msvcrt.dll
0x75c10000 - 0x75c85000 	C:\Windows\System32\sechost.dll
0x75050000 - 0x7510f000 	C:\Windows\System32\RPCRT4.dll
0x76680000 - 0x76820000 	C:\Windows\System32\USER32.dll
0x75110000 - 0x75128000 	C:\Windows\System32\win32u.dll
0x757e0000 - 0x75804000 	C:\Windows\System32\GDI32.dll
0x76820000 - 0x768fc000 	C:\Windows\System32\gdi32full.dll
0x751f0000 - 0x7526b000 	C:\Windows\System32\msvcp_win.dll
0x76000000 - 0x76120000 	C:\Windows\System32\ucrtbase.dll
0x74e40000 - 0x75050000 	C:\Windows\WinSxS\x86_microsoft.windows.common-controls_6595b64144ccf1df_6.0.19041.1110_none_a8625c1886757984\COMCTL32.dll
0x75de0000 - 0x75e05000 	C:\Windows\System32\IMM32.DLL
0x746d0000 - 0x747b5000 	C:\Program Files\Windhawk\Engine\1.6.1\32\windhawk.dll
0x74680000 - 0x746c4000 	C:\ProgramData\Windhawk\Engine\Mods\32\aerexplorer_1.8.1_391036.dll
0x75940000 - 0x75a23000 	C:\Windows\System32\ole32.dll
0x763f0000 - 0x76671000 	C:\Windows\System32\combase.dll
0x762d0000 - 0x76366000 	C:\Windows\System32\OLEAUT32.dll
0x76b30000 - 0x770e3000 	C:\Windows\System32\SHELL32.dll
0x744b0000 - 0x74661000 	C:\ProgramData\Windhawk\Engine\Mods\32\libc++.whl
0x74c30000 - 0x74ca4000 	C:\Windows\SYSTEM32\UxTheme.dll
0x74670000 - 0x74678000 	C:\Windows\SYSTEM32\VERSION.dll
0x74470000 - 0x744a9000 	C:\ProgramData\Windhawk\Engine\Mods\32\libunwind.whl
0x74310000 - 0x743d2000 	C:\Windows\SYSTEM32\propsys.dll
0x74160000 - 0x74309000 	C:\Windows\SYSTEM32\ExplorerFrame.dll
0x770f0000 - 0x77177000 	C:\Windows\System32\SHCORE.dll
0x75790000 - 0x757d5000 	C:\Windows\System32\SHLWAPI.dll
0x73b50000 - 0x74158000 	C:\Windows\SYSTEM32\windows.storage.dll
0x73b20000 - 0x73b44000 	C:\Windows\SYSTEM32\Wldp.dll
0x73af0000 - 0x73b16000 	C:\Windows\SYSTEM32\dwmapi.dll
0x73ad0000 - 0x73ae6000 	C:\ProgramData\Windhawk\Engine\Mods\32\eradicate-immersive-menus_1.1.0_694703.dll
0x73a70000 - 0x73ac6000 	C:\ProgramData\Windhawk\Engine\Mods\32\icon-resource-redirect_1.2.2_510677.dll
0x73910000 - 0x73a6f000 	C:\Windows\SYSTEM32\dui70.dll
0x738f0000 - 0x7390a000 	C:\ProgramData\Windhawk\Engine\Mods\32\text-replace_1.0_878300.dll
0x6bec0000 - 0x6bed3000 	C:\Program Files (x86)\Java\jre1.8.0_351\bin\vcruntime140.dll
0x6b900000 - 0x6b96f000 	C:\Program Files (x86)\Java\jre1.8.0_351\bin\msvcp140.dll
0x6b520000 - 0x6b900000 	C:\Program Files (x86)\Java\jre1.8.0_351\bin\client\jvm.dll
0x76b20000 - 0x76b26000 	C:\Windows\System32\PSAPI.DLL
0x73880000 - 0x73888000 	C:\Windows\SYSTEM32\WSOCK32.dll
0x74db0000 - 0x74dd8000 	C:\Windows\SYSTEM32\WINMM.dll
0x75ba0000 - 0x75c03000 	C:\Windows\System32\WS2_32.dll
0x74a20000 - 0x74a2f000 	C:\Windows\SYSTEM32\kernel.appcore.dll
0x6b510000 - 0x6b51d000 	C:\Program Files (x86)\Java\jre1.8.0_351\bin\verify.dll
0x6b4e0000 - 0x6b504000 	C:\Program Files (x86)\Java\jre1.8.0_351\bin\java.dll
0x6b4c0000 - 0x6b4d5000 	C:\Program Files (x86)\Java\jre1.8.0_351\bin\zip.dll
0x738d0000 - 0x738e8000 	C:\Windows\SYSTEM32\profapi.dll
0x6b370000 - 0x6b4bb000 	C:\Program Files (x86)\Java\jre1.8.0_351\bin\awt.dll
0x6c480000 - 0x6c51f000 	C:\Windows\SYSTEM32\apphelp.dll
0x6ecb0000 - 0x6edb3000 	C:\Windows\system32\opengl32.dll
0x6ec70000 - 0x6ecaf000 	C:\Windows\SYSTEM32\GLU32.dll
0x75e30000 - 0x75f03000 	C:\Windows\System32\MSCTF.dll
0x75270000 - 0x752cf000 	C:\Windows\System32\bcryptPrimitives.dll
0x6b1e0000 - 0x6b36f000 	C:\Windows\system32\d3d9.dll
0x6b140000 - 0x6b1dc000 	C:\Windows\System32\DriverStore\FileRepository\nv_dispi.inf_amd64_6cdc9372d41a2731\nvldumd.dll
0x73570000 - 0x7357e000 	C:\Windows\SYSTEM32\msasn1.dll
0x72d70000 - 0x72d96000 	C:\Windows\SYSTEM32\cryptnet.dll
0x76120000 - 0x7621a000 	C:\Windows\System32\CRYPT32.dll
0x73760000 - 0x7376a000 	C:\Windows\SYSTEM32\cryptbase.dll
0x6b030000 - 0x6b131000 	C:\Windows\SYSTEM32\drvstore.dll
0x73480000 - 0x734ab000 	C:\Windows\SYSTEM32\devobj.dll
0x75900000 - 0x7593b000 	C:\Windows\System32\cfgmgr32.dll
0x751a0000 - 0x751e7000 	C:\Windows\System32\wintrust.dll
0x75e10000 - 0x75e29000 	C:\Windows\System32\imagehlp.dll
0x73550000 - 0x73563000 	C:\Windows\SYSTEM32\CRYPTSP.dll
0x72dc0000 - 0x72def000 	C:\Windows\system32\rsaenh.dll
0x75d00000 - 0x75d19000 	C:\Windows\System32\bcrypt.dll
0x67dd0000 - 0x6b029000 	C:\Windows\System32\DriverStore\FileRepository\nv_dispi.inf_amd64_6cdc9372d41a2731\nvgpucomp32.dll
0x67d20000 - 0x67dcc000 	C:\Windows\System32\DriverStore\FileRepository\nv_dispi.inf_amd64_6cdc9372d41a2731\NvMemMapStorage.dll
0x73290000 - 0x732d4000 	C:\Windows\SYSTEM32\POWRPROF.dll
0x73280000 - 0x7328d000 	C:\Windows\SYSTEM32\UMPDC.dll
0x631d0000 - 0x6744b000 	C:\Windows\System32\DriverStore\FileRepository\nv_dispi.inf_amd64_6cdc9372d41a2731\nvd3dum.dll
0x67c00000 - 0x67d16000 	C:\Windows\system32\nvspcap.dll
0x728e0000 - 0x72909000 	C:\Windows\SYSTEM32\ntmarta.dll
0x72da0000 - 0x72dbe000 	C:\Windows\SYSTEM32\gpapi.dll
0x67ac0000 - 0x67c00000 	C:\Windows\System32\DriverStore\FileRepository\nv_dispi.inf_amd64_6cdc9372d41a2731\nvppe.dll
0x6bee0000 - 0x6bf0c000 	C:\Windows\SYSTEM32\dxcore.dll
0x67aa0000 - 0x67ab7000 	C:\Program Files (x86)\Java\jre1.8.0_351\bin\net.dll
0x73820000 - 0x73872000 	C:\Windows\system32\mswsock.dll
0x67a90000 - 0x67a9f000 	C:\Program Files (x86)\Java\jre1.8.0_351\bin\nio.dll
0x74d80000 - 0x74da5000 	C:\Windows\SYSTEM32\USERENV.dll
0x73680000 - 0x736b2000 	C:\Windows\SYSTEM32\IPHLPAPI.DLL
0x75130000 - 0x75137000 	C:\Windows\System32\NSI.dll
0x73650000 - 0x73664000 	C:\Windows\SYSTEM32\dhcpcsvc6.DLL
0x73630000 - 0x73646000 	C:\Windows\SYSTEM32\dhcpcsvc.DLL
0x736c0000 - 0x73751000 	C:\Windows\SYSTEM32\DNSAPI.dll
0x1ff10000 - 0x1ff63000 	C:\Users\Chroma\AppData\Local\Temp\jna1948852254436649903.tmp
0x67a50000 - 0x67a8d000 	C:\Program Files (x86)\Java\jre1.8.0_351\bin\fontmanager.dll
0x679b0000 - 0x67a43000 	C:\Windows\SYSTEM32\mscms.dll
0x679a0000 - 0x679ac000 	C:\Windows\SYSTEM32\ColorAdapterClient.dll
0x67960000 - 0x6799e000 	C:\Windows\SYSTEM32\icm32.dll
0x67910000 - 0x67947000 	C:\Program Files (x86)\Java\jre1.8.0_351\bin\t2k.dll
0x72c30000 - 0x72ce9000 	C:\Windows\SYSTEM32\textinputframework.dll
0x72b90000 - 0x72c2b000 	C:\Windows\System32\CoreMessaging.dll
0x72910000 - 0x72b8e000 	C:\Windows\System32\CoreUIComponents.dll
0x72800000 - 0x728db000 	C:\Windows\SYSTEM32\wintypes.dll
0x678e0000 - 0x67906000 	C:\Program Files (x86)\Java\jre1.8.0_351\bin\dcpr.dll
0x6c2f0000 - 0x6c478000 	C:\Windows\SYSTEM32\dbghelp.dll

VM Arguments:
java_command: C:\Users\Chroma\Downloads\CoreoDesktop\coredata\Shimeji-ee.jar
java_class_path (initial): C:\Users\Chroma\Downloads\CoreoDesktop\coredata\Shimeji-ee.jar
Launcher Type: SUN_STANDARD

Environment Variables:
PATH=C:\Program Files (x86)\Common Files\Oracle\Java\javapath;C:\Program Files\Oculus\Support\oculus-runtime;C:\Windows\system32;C:\Windows;C:\Windows\System32\Wbem;C:\Windows\System32\WindowsPowerShell\v1.0\;C:\Windows\System32\OpenSSH\;C:\Program Files\NVIDIA Corporation\NVIDIA App\NvDLISR;C:\Program Files (x86)\NVIDIA Corporation\PhysX\Common;C:\Users\Chroma\AppData\Local\Programs\Python\Launcher\;C:\Users\Chroma\AppData\Local\Microsoft\WindowsApps;
USERNAME=Chroma
OS=Windows_NT
PROCESSOR_IDENTIFIER=AMD64 Family 25 Model 33 Stepping 0, AuthenticAMD



---------------  S Y S T E M  ---------------

OS: Windows 10 , 64 bit Build 19041 (10.0.19041.1202)

CPU:total 24 (initial active 24) (24 cores per cpu, 1 threads per core) family 25 model 33 stepping 0, cmov, cx8, fxsr, mmx, sse, sse2, sse3, ssse3, sse4.1, sse4.2, popcnt, avx, avx2, aes, clmul, erms, mmxext, 3dnowpref, lzcnt, sse4a, tsc, tscinvbit, tscinv, bmi1

Memory: 4k page, physical 16700248k(9617228k free), swap 27186008k(17335548k free)

vm_info: Java HotSpot(TM) Client VM (25.351-b10) for windows-x86 JRE (1.8.0_351-b10), built on Sep 15 2022 03:01:07 by "java_re" with MS VC++ 15.9 (VS2017)

time: Thu Oct  2 13:17:19 2025
timezone: W. Europe Daylight Time
elapsed time: 3805.918392 seconds (0d 1h 3m 25s)

